$0100 : RND             : 1 bytes : D:\GoogleDrive\SOI Tech\SMART WP\Firmware_Base\WP_Base.alp
$0101 : nSens           : 1 bytes : D:\GoogleDrive\SOI Tech\SMART WP\Firmware_Base\WP_Base.alp
$0102 : TX_Buffer       : 1 bytes : D:\GoogleDrive\SOI Tech\SMART WP\Firmware_Base\nRF24L01.alg
$0102 : TX_1            : 1 bytes : D:\GoogleDrive\SOI Tech\SMART WP\Firmware_Base\nRF24L01.alg
$0103 : TX_2            : 1 bytes : D:\GoogleDrive\SOI Tech\SMART WP\Firmware_Base\nRF24L01.alg
$0104 : TX_3            : 1 bytes : D:\GoogleDrive\SOI Tech\SMART WP\Firmware_Base\nRF24L01.alg
$0105 : TX_4            : 1 bytes : D:\GoogleDrive\SOI Tech\SMART WP\Firmware_Base\nRF24L01.alg
$0122 : RX_Buffer       : 1 bytes : D:\GoogleDrive\SOI Tech\SMART WP\Firmware_Base\nRF24L01.alg
$0122 : RX_1            : 1 bytes : D:\GoogleDrive\SOI Tech\SMART WP\Firmware_Base\nRF24L01.alg
$0123 : RX_2            : 1 bytes : D:\GoogleDrive\SOI Tech\SMART WP\Firmware_Base\nRF24L01.alg
$0142 : CByte           : 1 bytes : D:\GoogleDrive\SOI Tech\SMART WP\Firmware_Base\nRF24L01.alg
$0143 : nPipe           : 1 bytes : D:\GoogleDrive\SOI Tech\SMART WP\Firmware_Base\nRF24L01.alg
$0144 : nPipeT          : 1 bytes : D:\GoogleDrive\SOI Tech\SMART WP\Firmware_Base\nRF24L01.alg
$0145 : Arr_RX_P        : 1 bytes : D:\GoogleDrive\SOI Tech\SMART WP\Firmware_Base\nRF24L01.alg
$0145 : Data_Pipe_0     : 1 bytes : D:\GoogleDrive\SOI Tech\SMART WP\Firmware_Base\nRF24L01.alg
$0165 : Data_Pipe_1     : 1 bytes : D:\GoogleDrive\SOI Tech\SMART WP\Firmware_Base\nRF24L01.alg
$0185 : Data_Pipe_2     : 1 bytes : D:\GoogleDrive\SOI Tech\SMART WP\Firmware_Base\nRF24L01.alg
$01A5 : Data_Pipe_3     : 1 bytes : D:\GoogleDrive\SOI Tech\SMART WP\Firmware_Base\nRF24L01.alg
$01C5 : Data_Pipe_4     : 1 bytes : D:\GoogleDrive\SOI Tech\SMART WP\Firmware_Base\nRF24L01.alg
$01E5 : Data_Pipe_5     : 1 bytes : D:\GoogleDrive\SOI Tech\SMART WP\Firmware_Base\nRF24L01.alg
$0205 : RF_RF_CH        : 1 bytes : D:\GoogleDrive\SOI Tech\SMART WP\Firmware_Base\nRF24L01.alg
$0206 : RF_CONFIG_nRF   : 1 bytes : D:\GoogleDrive\SOI Tech\SMART WP\Firmware_Base\nRF24L01.alg
$0207 : RF_STATUS       : 1 bytes : D:\GoogleDrive\SOI Tech\SMART WP\Firmware_Base\nRF24L01.alg
$0208 : RF_OBSERVE_TX   : 1 bytes : D:\GoogleDrive\SOI Tech\SMART WP\Firmware_Base\nRF24L01.alg
$0209 : RF_RPD          : 1 bytes : D:\GoogleDrive\SOI Tech\SMART WP\Firmware_Base\nRF24L01.alg
$020A : RF_FIFO_STATUS  : 1 bytes : D:\GoogleDrive\SOI Tech\SMART WP\Firmware_Base\nRF24L01.alg
$020B : RF_R_RX_PAYLOAD : 1 bytes : D:\GoogleDrive\SOI Tech\SMART WP\Firmware_Base\nRF24L01.alg
$020C : RF_Max_CH       : 1 bytes : D:\GoogleDrive\SOI Tech\SMART WP\Firmware_Base\nRF24L01.alg
$020D : RF_Series       : 1 bytes : D:\GoogleDrive\SOI Tech\SMART WP\Firmware_Base\nRF24L01.alg
$020E : RF_Max_Series   : 1 bytes : D:\GoogleDrive\SOI Tech\SMART WP\Firmware_Base\nRF24L01.alg
$020F : Tabl_ADC        : 2 bytes : D:\GoogleDrive\SOI Tech\SMART WP\Firmware_Base\ADC.alg
$0217 : ADC_T           : 2 bytes : D:\GoogleDrive\SOI Tech\SMART WP\Firmware_Base\ADC.alg
$0219 : ADC_Addr        : 2 bytes : D:\GoogleDrive\SOI Tech\SMART WP\Firmware_Base\ADC.alg
$021B : ADC_Count       : 1 bytes : D:\GoogleDrive\SOI Tech\SMART WP\Firmware_Base\ADC.alg
$021C : LevBat          : 2 bytes : D:\GoogleDrive\SOI Tech\SMART WP\Firmware_Base\ADC.alg
$021E : LevBat_Perc     : 1 bytes : D:\GoogleDrive\SOI Tech\SMART WP\Firmware_Base\ADC.alg
$021F : Flag            : 1 bytes : D:\GoogleDrive\SOI Tech\SMART WP\Firmware_Base\ADC.alg
$0220 : MReg            : 1 bytes : D:\GoogleDrive\SOI Tech\SMART WP\Firmware_Base\ADC.alg
$0220 : Val0            : 2 bytes : D:\GoogleDrive\SOI Tech\SMART WP\Firmware_Base\ADC.alg
$0222 : Val1            : 2 bytes : D:\GoogleDrive\SOI Tech\SMART WP\Firmware_Base\ADC.alg
$0224 : Val2            : 2 bytes : D:\GoogleDrive\SOI Tech\SMART WP\Firmware_Base\ADC.alg
$0226 : MRes            : 4 bytes : D:\GoogleDrive\SOI Tech\SMART WP\Firmware_Base\ADC.alg
$0226 : MRes_0          : 1 bytes : D:\GoogleDrive\SOI Tech\SMART WP\Firmware_Base\ADC.alg
$0227 : MRes_1          : 1 bytes : D:\GoogleDrive\SOI Tech\SMART WP\Firmware_Base\ADC.alg
$0228 : MRes_2          : 1 bytes : D:\GoogleDrive\SOI Tech\SMART WP\Firmware_Base\ADC.alg
$0229 : MRes_3          : 1 bytes : D:\GoogleDrive\SOI Tech\SMART WP\Firmware_Base\ADC.alg
$022A : MCount          : 1 bytes : D:\GoogleDrive\SOI Tech\SMART WP\Firmware_Base\ADC.alg
$022B : nByte           : 1 bytes : D:\GoogleDrive\SOI Tech\SMART WP\Firmware_Base\SSD1306_I2C.alg
$022C : Pack            : 1 bytes : D:\GoogleDrive\SOI Tech\SMART WP\Firmware_Base\SSD1306_I2C.alg
$022D : Rank            : 1 bytes : D:\GoogleDrive\SOI Tech\SMART WP\Firmware_Base\SSD1306_I2C.alg
$022E : Digit           : 1 bytes : D:\GoogleDrive\SOI Tech\SMART WP\Firmware_Base\SSD1306_I2C.alg
$022F : Col             : 1 bytes : D:\GoogleDrive\SOI Tech\SMART WP\Firmware_Base\SSD1306_I2C.alg
$0230 : Line            : 1 bytes : D:\GoogleDrive\SOI Tech\SMART WP\Firmware_Base\SSD1306_I2C.alg
$0231 : VDec            : 2 bytes : D:\GoogleDrive\SOI Tech\SMART WP\Firmware_Base\SSD1306_I2C.alg
$0233 : VBin            : 1 bytes : D:\GoogleDrive\SOI Tech\SMART WP\Firmware_Base\SSD1306_I2C.alg
$0234 : DChar           : 2 bytes : D:\GoogleDrive\SOI Tech\SMART WP\Firmware_Base\SSD1306_I2C.alg
$0236 : DCharT          : 2 bytes : D:\GoogleDrive\SOI Tech\SMART WP\Firmware_Base\SSD1306_I2C.alg
$0238 : Cn              : 2 bytes : D:\GoogleDrive\SOI Tech\SMART WP\Firmware_Base\SSD1306_I2C.alg
$023A : ABT             : 2 bytes : D:\GoogleDrive\SOI Tech\SMART WP\Firmware_Base\SSD1306_I2C.alg
$023C : AET             : 2 bytes : D:\GoogleDrive\SOI Tech\SMART WP\Firmware_Base\SSD1306_I2C.alg
$023E : Size_Col        : 1 bytes : D:\GoogleDrive\SOI Tech\SMART WP\Firmware_Base\SSD1306_I2C.alg
$023F : TCol            : 1 bytes : D:\GoogleDrive\SOI Tech\SMART WP\Firmware_Base\SSD1306_I2C.alg
$0240 : LCol            : 1 bytes : D:\GoogleDrive\SOI Tech\SMART WP\Firmware_Base\SSD1306_I2C.alg
$0241 : HCol            : 1 bytes : D:\GoogleDrive\SOI Tech\SMART WP\Firmware_Base\SSD1306_I2C.alg
