$0100 : RND             : 1 bytes : D:\GoogleDrive\SOI Tech\SMART WP\Firmware_Sensor\WP_Sensor.alp
$0101 : Count           : 2 bytes : D:\GoogleDrive\SOI Tech\SMART WP\Firmware_Sensor\WP_Sensor.alp
$0103 : RF_RF_CH        : 1 bytes : D:\GoogleDrive\SOI Tech\SMART WP\Firmware_Sensor\WP_Sensor.alp
$0104 : RF_CONFIG_nRF   : 1 bytes : D:\GoogleDrive\SOI Tech\SMART WP\Firmware_Sensor\WP_Sensor.alp
$0105 : RF_STATUS       : 1 bytes : D:\GoogleDrive\SOI Tech\SMART WP\Firmware_Sensor\WP_Sensor.alp
$0106 : RF_OBSERVE_TX   : 1 bytes : D:\GoogleDrive\SOI Tech\SMART WP\Firmware_Sensor\WP_Sensor.alp
$0107 : RF_RPD          : 1 bytes : D:\GoogleDrive\SOI Tech\SMART WP\Firmware_Sensor\WP_Sensor.alp
$0108 : RF_FIFO_STATUS  : 1 bytes : D:\GoogleDrive\SOI Tech\SMART WP\Firmware_Sensor\WP_Sensor.alp
$0109 : RF_R_RX_PAYLOAD : 1 bytes : D:\GoogleDrive\SOI Tech\SMART WP\Firmware_Sensor\WP_Sensor.alp
$010A : TX_Buffer       : 1 bytes : D:\GoogleDrive\SOI Tech\SMART WP\Firmware_Sensor\WP_Sensor.alp
$010A : TX_1            : 1 bytes : D:\GoogleDrive\SOI Tech\SMART WP\Firmware_Sensor\WP_Sensor.alp
$010B : TX_2            : 1 bytes : D:\GoogleDrive\SOI Tech\SMART WP\Firmware_Sensor\WP_Sensor.alp
$012A : RX_Buffer       : 1 bytes : D:\GoogleDrive\SOI Tech\SMART WP\Firmware_Sensor\WP_Sensor.alp
$012A : RX_1            : 1 bytes : D:\GoogleDrive\SOI Tech\SMART WP\Firmware_Sensor\WP_Sensor.alp
$012B : RX_2            : 1 bytes : D:\GoogleDrive\SOI Tech\SMART WP\Firmware_Sensor\WP_Sensor.alp
$012C : RX_3            : 1 bytes : D:\GoogleDrive\SOI Tech\SMART WP\Firmware_Sensor\WP_Sensor.alp
$012D : RX_4            : 1 bytes : D:\GoogleDrive\SOI Tech\SMART WP\Firmware_Sensor\WP_Sensor.alp
$014A : nPipe           : 1 bytes : D:\GoogleDrive\SOI Tech\SMART WP\Firmware_Sensor\WP_Sensor.alp
$014B : Arr_RX_P        : 1 bytes : D:\GoogleDrive\SOI Tech\SMART WP\Firmware_Sensor\WP_Sensor.alp
$014B : Data_Pipe_0     : 1 bytes : D:\GoogleDrive\SOI Tech\SMART WP\Firmware_Sensor\WP_Sensor.alp
$016B : Data_Pipe_1     : 1 bytes : D:\GoogleDrive\SOI Tech\SMART WP\Firmware_Sensor\WP_Sensor.alp
$018B : Data_Pipe_2     : 1 bytes : D:\GoogleDrive\SOI Tech\SMART WP\Firmware_Sensor\WP_Sensor.alp
$01AB : Data_Pipe_3     : 1 bytes : D:\GoogleDrive\SOI Tech\SMART WP\Firmware_Sensor\WP_Sensor.alp
$01CB : Data_Pipe_4     : 1 bytes : D:\GoogleDrive\SOI Tech\SMART WP\Firmware_Sensor\WP_Sensor.alp
$01EB : Data_Pipe_5     : 1 bytes : D:\GoogleDrive\SOI Tech\SMART WP\Firmware_Sensor\WP_Sensor.alp
